// Jest Snapshot v1, https://goo.gl/fbAQLP

exports[`jsonToCSV 1`] = `
"\\"id\\",\\"account\\",\\"type\\",\\"typeI\\",\\"createdAt\\",\\"assetType\\",\\"assetCode\\",\\"assetIssuer\\",\\"amount\\",\\"weight\\",\\"publicKey\\",\\"key\\",\\"startingBalance\\"
\\"0000774537222303745-0000000002\\",\\"GCOLHJY3DMPDSZW7PNK4RWBQMCYE5Q67W7TT44SD46RKTVDEAUJZTNE6\\",\\"account_debited\\",\\"3\\",\\"2018-10-15T03:06:14Z\\",\\"credit_alphanum4\\",\\"HNY\\",\\"GCOLHJY3DMPDSZW7PNK4RWBQMCYE5Q67W7TT44SD46RKTVDEAUJZTNE6\\",\\"1000000000.0000000\\",\\"\\",\\"\\",\\"\\",\\"\\"
\\"0000773746948313089-0000000003\\",\\"GCOLHJY3DMPDSZW7PNK4RWBQMCYE5Q67W7TT44SD46RKTVDEAUJZTNE6\\",\\"signer_created\\",\\"10\\",\\"2018-10-15T02:50:22Z\\",\\"\\",\\"\\",\\"\\",\\"\\",\\"1\\",\\"GCOLHJY3DMPDSZW7PNK4RWBQMCYE5Q67W7TT44SD46RKTVDEAUJZTNE6\\",\\"\\",\\"\\"
\\"0000773746948313089-0000000001\\",\\"GCOLHJY3DMPDSZW7PNK4RWBQMCYE5Q67W7TT44SD46RKTVDEAUJZTNE6\\",\\"account_created\\",\\"0\\",\\"2018-10-15T02:50:22Z\\",\\"\\",\\"\\",\\"\\",\\"\\",\\"\\",\\"\\",\\"\\",\\"10000.0000000\\""
`;
